------------------------------------------------------------
TimeQuest Timing Analyzer Summary
------------------------------------------------------------

Type  : Slow 1200mV 85C Model Setup 'inst|altpll_component|auto_generated|pll1|clk[0]'
Slack : -6.362
TNS   : -51.745

Type  : Slow 1200mV 85C Model Setup 'VGA_SYNC:inst3|vert_sync_out'
Slack : -4.284
TNS   : -330.998

Type  : Slow 1200mV 85C Model Setup 'game_fsm:inst5|state.s_over'
Slack : -1.444
TNS   : -1.444

Type  : Slow 1200mV 85C Model Setup 'MOUSE:inst2|MOUSE_CLK_FILTER'
Slack : -1.287
TNS   : -37.564

Type  : Slow 1200mV 85C Model Setup 'SW_pause'
Slack : -0.301
TNS   : -0.574

Type  : Slow 1200mV 85C Model Hold 'VGA_SYNC:inst3|vert_sync_out'
Slack : -0.810
TNS   : -2.545

Type  : Slow 1200mV 85C Model Hold 'SW_pause'
Slack : -0.558
TNS   : -1.107

Type  : Slow 1200mV 85C Model Hold 'inst|altpll_component|auto_generated|pll1|clk[0]'
Slack : -0.184
TNS   : -0.350

Type  : Slow 1200mV 85C Model Hold 'MOUSE:inst2|MOUSE_CLK_FILTER'
Slack : -0.027
TNS   : -0.027

Type  : Slow 1200mV 85C Model Hold 'game_fsm:inst5|state.s_over'
Slack : 1.328
TNS   : 0.000

Type  : Slow 1200mV 85C Model Recovery 'VGA_SYNC:inst3|vert_sync_out'
Slack : -0.936
TNS   : -36.191

Type  : Slow 1200mV 85C Model Recovery 'MOUSE:inst2|MOUSE_CLK_FILTER'
Slack : 0.027
TNS   : 0.000

Type  : Slow 1200mV 85C Model Removal 'MOUSE:inst2|MOUSE_CLK_FILTER'
Slack : -0.051
TNS   : -0.051

Type  : Slow 1200mV 85C Model Removal 'VGA_SYNC:inst3|vert_sync_out'
Slack : 0.029
TNS   : 0.000

Type  : Slow 1200mV 85C Model Minimum Pulse Width 'SW_pause'
Slack : -3.000
TNS   : -3.000

Type  : Slow 1200mV 85C Model Minimum Pulse Width 'VGA_SYNC:inst3|vert_sync_out'
Slack : -1.000
TNS   : -116.000

Type  : Slow 1200mV 85C Model Minimum Pulse Width 'MOUSE:inst2|MOUSE_CLK_FILTER'
Slack : -1.000
TNS   : -35.000

Type  : Slow 1200mV 85C Model Minimum Pulse Width 'game_fsm:inst5|state.s_over'
Slack : 0.423
TNS   : 0.000

Type  : Slow 1200mV 85C Model Minimum Pulse Width 'clk'
Slack : 9.825
TNS   : 0.000

Type  : Slow 1200mV 85C Model Minimum Pulse Width 'inst|altpll_component|auto_generated|pll1|clk[0]'
Slack : 19.735
TNS   : 0.000

Type  : Slow 1200mV 0C Model Setup 'inst|altpll_component|auto_generated|pll1|clk[0]'
Slack : -5.516
TNS   : -43.687

Type  : Slow 1200mV 0C Model Setup 'VGA_SYNC:inst3|vert_sync_out'
Slack : -3.755
TNS   : -288.991

Type  : Slow 1200mV 0C Model Setup 'game_fsm:inst5|state.s_over'
Slack : -1.161
TNS   : -1.161

Type  : Slow 1200mV 0C Model Setup 'MOUSE:inst2|MOUSE_CLK_FILTER'
Slack : -1.054
TNS   : -30.343

Type  : Slow 1200mV 0C Model Setup 'SW_pause'
Slack : -0.231
TNS   : -0.444

Type  : Slow 1200mV 0C Model Hold 'VGA_SYNC:inst3|vert_sync_out'
Slack : -0.723
TNS   : -2.292

Type  : Slow 1200mV 0C Model Hold 'SW_pause'
Slack : -0.330
TNS   : -0.642

Type  : Slow 1200mV 0C Model Hold 'inst|altpll_component|auto_generated|pll1|clk[0]'
Slack : -0.290
TNS   : -0.562

Type  : Slow 1200mV 0C Model Hold 'MOUSE:inst2|MOUSE_CLK_FILTER'
Slack : 0.188
TNS   : 0.000

Type  : Slow 1200mV 0C Model Hold 'game_fsm:inst5|state.s_over'
Slack : 1.172
TNS   : 0.000

Type  : Slow 1200mV 0C Model Recovery 'VGA_SYNC:inst3|vert_sync_out'
Slack : -0.731
TNS   : -32.518

Type  : Slow 1200mV 0C Model Recovery 'MOUSE:inst2|MOUSE_CLK_FILTER'
Slack : -0.087
TNS   : -1.305

Type  : Slow 1200mV 0C Model Removal 'VGA_SYNC:inst3|vert_sync_out'
Slack : 0.159
TNS   : 0.000

Type  : Slow 1200mV 0C Model Removal 'MOUSE:inst2|MOUSE_CLK_FILTER'
Slack : 0.161
TNS   : 0.000

Type  : Slow 1200mV 0C Model Minimum Pulse Width 'SW_pause'
Slack : -3.000
TNS   : -3.000

Type  : Slow 1200mV 0C Model Minimum Pulse Width 'VGA_SYNC:inst3|vert_sync_out'
Slack : -1.000
TNS   : -116.000

Type  : Slow 1200mV 0C Model Minimum Pulse Width 'MOUSE:inst2|MOUSE_CLK_FILTER'
Slack : -1.000
TNS   : -35.000

Type  : Slow 1200mV 0C Model Minimum Pulse Width 'game_fsm:inst5|state.s_over'
Slack : 0.441
TNS   : 0.000

Type  : Slow 1200mV 0C Model Minimum Pulse Width 'clk'
Slack : 9.785
TNS   : 0.000

Type  : Slow 1200mV 0C Model Minimum Pulse Width 'inst|altpll_component|auto_generated|pll1|clk[0]'
Slack : 19.740
TNS   : 0.000

Type  : Fast 1200mV 0C Model Setup 'inst|altpll_component|auto_generated|pll1|clk[0]'
Slack : -3.481
TNS   : -26.565

Type  : Fast 1200mV 0C Model Setup 'VGA_SYNC:inst3|vert_sync_out'
Slack : -2.057
TNS   : -144.123

Type  : Fast 1200mV 0C Model Setup 'game_fsm:inst5|state.s_over'
Slack : -0.413
TNS   : -0.413

Type  : Fast 1200mV 0C Model Setup 'MOUSE:inst2|MOUSE_CLK_FILTER'
Slack : -0.275
TNS   : -5.781

Type  : Fast 1200mV 0C Model Setup 'SW_pause'
Slack : 0.278
TNS   : 0.000

Type  : Fast 1200mV 0C Model Hold 'SW_pause'
Slack : -0.646
TNS   : -1.285

Type  : Fast 1200mV 0C Model Hold 'VGA_SYNC:inst3|vert_sync_out'
Slack : -0.499
TNS   : -3.166

Type  : Fast 1200mV 0C Model Hold 'inst|altpll_component|auto_generated|pll1|clk[0]'
Slack : -0.135
TNS   : -0.252

Type  : Fast 1200mV 0C Model Hold 'MOUSE:inst2|MOUSE_CLK_FILTER'
Slack : -0.074
TNS   : -0.369

Type  : Fast 1200mV 0C Model Hold 'game_fsm:inst5|state.s_over'
Slack : 0.779
TNS   : 0.000

Type  : Fast 1200mV 0C Model Recovery 'VGA_SYNC:inst3|vert_sync_out'
Slack : -0.108
TNS   : -1.188

Type  : Fast 1200mV 0C Model Recovery 'MOUSE:inst2|MOUSE_CLK_FILTER'
Slack : 0.200
TNS   : 0.000

Type  : Fast 1200mV 0C Model Removal 'VGA_SYNC:inst3|vert_sync_out'
Slack : -0.118
TNS   : -4.956

Type  : Fast 1200mV 0C Model Removal 'MOUSE:inst2|MOUSE_CLK_FILTER'
Slack : 0.043
TNS   : 0.000

Type  : Fast 1200mV 0C Model Minimum Pulse Width 'SW_pause'
Slack : -3.000
TNS   : -3.302

Type  : Fast 1200mV 0C Model Minimum Pulse Width 'VGA_SYNC:inst3|vert_sync_out'
Slack : -1.000
TNS   : -116.000

Type  : Fast 1200mV 0C Model Minimum Pulse Width 'MOUSE:inst2|MOUSE_CLK_FILTER'
Slack : -1.000
TNS   : -35.000

Type  : Fast 1200mV 0C Model Minimum Pulse Width 'game_fsm:inst5|state.s_over'
Slack : 0.442
TNS   : 0.000

Type  : Fast 1200mV 0C Model Minimum Pulse Width 'clk'
Slack : 9.585
TNS   : 0.000

Type  : Fast 1200mV 0C Model Minimum Pulse Width 'inst|altpll_component|auto_generated|pll1|clk[0]'
Slack : 19.747
TNS   : 0.000

------------------------------------------------------------
